// Jest Snapshot v1, https://goo.gl/fbAQLP

exports[`Test Experiment results snapshot renders correctly 1`] = `
<div
  className="panel panel-default"
>
  <div
    className="panel-title"
  >
    <h3>
      Your Experiment
    </h3>
  </div>
  <div
    className="panel-body"
  >
    <div
      className="loading"
    >
      <h3>
        Your experiment is currently running...
      </h3>
      <p>
        Please check back in a few minutes. This page will automatically refresh once your experiment has finished executing.
      </p>
    </div>
  </div>
</div>
`;
